[themewagon.github.io/spica/index.html]
[backblue.gif]
[fade.gif]
[index.html]
[themewagon.github.io/spica/vendors/mdi/css/materialdesignicons.min.css]
[themewagon.github.io/spica/vendors/css/vendor.bundle.base.css]
[themewagon.github.io/spica/css/style.css]
[themewagon.github.io/spica/images/favicon.png]
[themewagon.github.io/spica/index-2.html]
[themewagon.github.io/spica/pages/ui-features/buttons.html]
[themewagon.github.io/spica/pages/ui-features/typography.html]
[themewagon.github.io/spica/pages/forms/basic_elements.html]
[themewagon.github.io/spica/pages/charts/chartjs.html]
[themewagon.github.io/spica/pages/tables/basic-table.html]
[themewagon.github.io/spica/pages/icons/mdi.html]
[themewagon.github.io/spica/pages/samples/login.html]
[themewagon.github.io/spica/pages/samples/login-2.html]
[themewagon.github.io/spica/pages/samples/register.html]
[themewagon.github.io/spica/pages/samples/register-2.html]
[themewagon.github.io/spica/pages/samples/lock-screen.html]
[themewagon.github.io/spica/docs/documentation.html]
[themewagon.github.io/spica/images/logo-mini.svg]
[themewagon.github.io/spica/images/logo.svg]
[themewagon.github.io/spica/images/faces/face4.jpg]
[themewagon.github.io/spica/images/faces/face2.jpg]
[themewagon.github.io/spica/images/faces/face3.jpg]
[themewagon.github.io/spica/images/faces/face5.jpg]
[themewagon.github.io/spica/images/faces/face1.jpg]
[themewagon.github.io/spica/images/faces/face6.jpg]
[themewagon.github.io/spica/images/faces/face7.jpg]
[themewagon.github.io/spica/vendors/js/vendor.bundle.base.js]
[themewagon.github.io/spica/vendors/chart.js/Chart.min.js]
[themewagon.github.io/spica/js/off-canvas.js]
[themewagon.github.io/spica/js/hoverable-collapse.js]
[themewagon.github.io/spica/js/template.js]
[themewagon.github.io/spica/index.html]
[themewagon.github.io/spica/js/dashboard.js]
[themewagon.github.io/spica/vendors/mdi/fonts/materialdesignicons-webfont5ba3.eot]
[themewagon.github.io/spica/vendors/mdi/fonts/materialdesignicons-webfont5ba3.woff2]
[themewagon.github.io/spica/vendors/mdi/fonts/materialdesignicons-webfont5ba3.woff]
[themewagon.github.io/spica/vendors/mdi/fonts/materialdesignicons-webfontd41d.eot]
[themewagon.github.io/spica/vendors/mdi/css/materialdesignicons.min.css]
[themewagon.github.io/spica/vendors/css/vendor.bundle.base.css]
[themewagon.github.io/spica/vendors/mdi/fonts/materialdesignicons-webfont5ba3.ttf]
[themewagon.github.io/spica/images/auth/login-bg.jpg]
[themewagon.github.io/spica/images/auth/register-bg.jpg]
[themewagon.github.io/spica/images/auth/lockscreen-bg.jpg]
[themewagon.github.io/spica/images/other/navbar-cover.jpg]
[themewagon.github.io/spica/css/style.css]
[themewagon.github.io/spica/index-2.html]
[themewagon.github.io/spica/pages/ui-features/buttons.html]
[themewagon.github.io/spica/pages/ui-features/typography.html]
[themewagon.github.io/spica/js/file-upload.js]
[themewagon.github.io/spica/pages/forms/basic_elements.html]
[themewagon.github.io/spica/js/chart.js]
[themewagon.github.io/spica/pages/charts/chartjs.html]
[themewagon.github.io/spica/pages/tables/basic-table.html]
[themewagon.github.io/spica/pages/icons/mdi.html]
[themewagon.github.io/spica/pages/samples/login.html]
[themewagon.github.io/spica/pages/samples/login-2.html]
[themewagon.github.io/spica/pages/samples/register.html]
[themewagon.github.io/spica/pages/samples/register-2.html]
[themewagon.github.io/spica/vendors/mdi/fonts/materialdesignicons-webfont5ba3.svg]
[themewagon.github.io/spica/images/faces/face13.jpg]
[themewagon.github.io/spica/pages/samples/lock-screen.html]
[themewagon.github.io/spica/docs/documentation.js]
[themewagon.github.io/spica/docs/documentation.html]
[themewagon.github.io/spica/images/logo.svg]
[themewagon.github.io/spica/images/logo-mini.svg]
[themewagon.github.io/spica/vendors/mdi/fonts/materialdesignicons-webfont5ba3.svg]
